<testsuite errors="0" failures="0" name="Django Project Tests" skips="0" tests="13" time="1.132"><testcase classname="brownfield_django.main.tests.test_models.TestCourseFactory" name="test_unicode" time="0.057973" /><testcase classname="brownfield_django.main.tests.test_models.TestHistoryFactory" name="test_unicode" time="0.121228" /><testcase classname="brownfield_django.main.tests.test_models.TestPerformedTestFactory" name="test_unicode" time="0.001595" /><testcase classname="brownfield_django.main.tests.test_models.TestTeamFactory" name="test_unicode" time="0.116134" /><testcase classname="brownfield_django.main.tests.test_views.BasicTest" name="test_root" time="0.073634" /><testcase classname="brownfield_django.main.tests.test_views.BasicTest" name="test_smoketest" time="0.003738" /><testcase classname="brownfield_django.main.tests.test_views.PagetreeViewTestsLoggedIn" name="test_edit_page" time="0.354288" /><testcase classname="brownfield_django.main.tests.test_views.PagetreeViewTestsLoggedIn" name="test_instructor_page" time="0.150759" /><testcase classname="brownfield_django.main.tests.test_views.PagetreeViewTestsLoggedIn" name="test_page" time="0.160969" /><testcase classname="brownfield_django.main.tests.test_views.PagetreeViewTestsLoggedOut" name="test_edit_page" time="0.011215" /><testcase classname="brownfield_django.main.tests.test_views.PagetreeViewTestsLoggedOut" name="test_instructor_page" time="0.011117" /><testcase classname="brownfield_django.main.tests.test_views.PagetreeViewTestsLoggedOut" name="test_page" time="0.046909" /><testcase classname="brownfield_django.main.tests.test_views.TestAnnonymousUserLogin" name="test_home" time="0.017361" /></testsuite>